C51 COMPILER V9.54   MAIN                                                                  11/28/2022 19:19:15 PAGE 1   


C51 COMPILER V9.54, COMPILATION OF MODULE MAIN
OBJECT MODULE PLACED IN .\Objects\main.obj
COMPILER INVOKED BY: E:\dev\keil5for51\C51\BIN\C51.EXE main.c OPTIMIZE(8,SPEED) BROWSE DEBUG OBJECTEXTEND PRINT(.\Listin
                    -gs\main.lst) TABS(2) OBJECT(.\Objects\main.obj)

line level    source

   1          #include <reg52.h>
   2          typedef unsigned int u16;
   3          typedef unsigned char u8;
   4          //定义 74HC595 控制管脚
   5          sbit SRCLK = P3 ^ 6; //移位寄存器时钟输入
   6          sbit RCLK595 = P3 ^ 5;  //存储寄存器时钟输入
   7          sbit SER = P3 ^ 4;
   8          #define LEDDZ_COL_PORT P0 //点阵列控制端口
   9          
  10          u8 gled_row[8] = {0x38, 0x7C, 0x7E, 0x3F, 0x3F, 0x7E, 0x7C, 0x38};
  11          u8 gled_col[8] = {0x7f, 0xbf, 0xdf, 0xef, 0xf7, 0xfb, 0xfd, 0xfe};
  12          
  13          void delay_10us(u16 ten_us)
  14          {
  15   1          while (ten_us--)
  16   1          {
  17   2          }
  18   1      }
  19          void hc595_write_data(u8 dat)
  20          {
  21   1          u8 i = 0;
  22   1          RCLK595 = 0;
  23   1          for (i = 0; i < 8; i++) //循环 8 次即可将一个字节写入寄存器中
  24   1          {
  25   2              SER = dat >> 7; //优先传输一个字节中的高位
  26   2              dat <<= 1;      //将低位移动到高位
  27   2              SRCLK = 0;
  28   2              delay_10us(1);
  29   2              SRCLK = 1;
  30   2              delay_10us(1); //移位寄存器时钟上升沿将端口数据送入寄存器中
  31   2          }
  32   1         
  33   1          RCLK595 = 1; //存储寄存器时钟上升沿将前面写入到寄存器的数据输出
  34   1          delay_10us(1);
  35   1          
  36   1      }
  37          
  38          int main()
  39          {
  40   1          u8 i = 0;
  41   1          while (1)
  42   1          {
  43   2              for (i = 0; i < 8; i++)
  44   2              {
  45   3                  hc595_write_data(gled_row[i]);
  46   3                  LEDDZ_COL_PORT = gled_col[i];
  47   3                  delay_10us(100);
  48   3                  hc595_write_data(0);
  49   3              }
  50   2          }
  51   1      
  52   1          return 0;
  53   1      }
*** WARNING C294 IN LINE 52 OF main.c: unreachable code
C51 COMPILER V9.54   MAIN                                                                  11/28/2022 19:19:15 PAGE 2   



MODULE INFORMATION:   STATIC OVERLAYABLE
   CODE SIZE        =     99    ----
   CONSTANT SIZE    =   ----    ----
   XDATA SIZE       =   ----    ----
   PDATA SIZE       =   ----    ----
   DATA SIZE        =     16    ----
   IDATA SIZE       =   ----    ----
   BIT SIZE         =   ----    ----
END OF MODULE INFORMATION.


C51 COMPILATION COMPLETE.  1 WARNING(S),  0 ERROR(S)
