C51 COMPILER V9.54   MAIN                                                                  11/27/2022 13:34:41 PAGE 1   


C51 COMPILER V9.54, COMPILATION OF MODULE MAIN
OBJECT MODULE PLACED IN .\Objects\main.obj
COMPILER INVOKED BY: E:\dev\keil5for51\C51\BIN\C51.EXE main.c OPTIMIZE(8,SPEED) BROWSE DEBUG OBJECTEXTEND PRINT(.\Listin
                    -gs\main.lst) TABS(2) OBJECT(.\Objects\main.obj)

line level    source

   1          #include <reg52.h>
   2          typedef unsigned int u16; //对系统默认数据类型进行重定义
   3          typedef unsigned char u8;
   4          sbit BEEP = P2 ^ 5;
   5          void delay_10us(u16 ten_us)
   6          {
   7   1          while (ten_us--)
   8   1              ;
   9   1      }
  10          int main(int argc, char const *argv[])
  11          {
  12   1          u16 i = 2000;
  13   1          while (1)
  14   1          {
  15   2              while (i--)
  16   2              {
  17   3                  BEEP = !BEEP;
  18   3                  delay_10us(100);
  19   3              }
  20   2              i = 0;
  21   2              BEEP = 0;//关闭蜂鸣器
  22   2          }
  23   1      
  24   1          return 0;
  25   1      }
*** WARNING C280 IN LINE 10 OF main.c: 'argc': unreferenced local variable
*** WARNING C280 IN LINE 10 OF main.c: 'argv': unreferenced local variable
*** WARNING C294 IN LINE 24 OF main.c: unreachable code


MODULE INFORMATION:   STATIC OVERLAYABLE
   CODE SIZE        =     53    ----
   CONSTANT SIZE    =   ----    ----
   XDATA SIZE       =   ----    ----
   PDATA SIZE       =   ----    ----
   DATA SIZE        =   ----       5
   IDATA SIZE       =   ----    ----
   BIT SIZE         =   ----    ----
END OF MODULE INFORMATION.


C51 COMPILATION COMPLETE.  3 WARNING(S),  0 ERROR(S)
